  imgui.cpp
  imgui_draw.cpp
  imgui_freetype.cpp
  imgui_tables.cpp
  imgui_widgets.cpp
D:\TESTING_ALL\new_web\RinoxAuth\ImGui - Prime' External\imgui_widgets.cpp(746,142): warning C4244: 'argument': conversion from 'float' to 'ImDrawFlags', possible loss of data
D:\TESTING_ALL\new_web\RinoxAuth\ImGui - Prime' External\imgui_widgets.cpp(765,23): warning C4189: 'style': local variable is initialized but not referenced
D:\TESTING_ALL\new_web\RinoxAuth\ImGui - Prime' External\imgui_widgets.cpp(963,172): warning C4244: 'argument': conversion from 'float' to 'ImDrawFlags', possible loss of data
D:\TESTING_ALL\new_web\RinoxAuth\ImGui - Prime' External\imgui_widgets.cpp(951,19): warning C4189: 'id': local variable is initialized but not referenced
D:\TESTING_ALL\new_web\RinoxAuth\ImGui - Prime' External\imgui_widgets.cpp(1218,151): warning C4100: 'flags': unreferenced parameter
D:\TESTING_ALL\new_web\RinoxAuth\ImGui - Prime' External\imgui_widgets.cpp(1297,17): warning C4189: 'bg_col': local variable is initialized but not referenced
D:\TESTING_ALL\new_web\RinoxAuth\ImGui - Prime' External\imgui_widgets.cpp(1298,17): warning C4189: 'grab_col': local variable is initialized but not referenced
D:\TESTING_ALL\new_web\RinoxAuth\ImGui - Prime' External\imgui_widgets.cpp(1419,13): warning C4244: 'initializing': conversion from 'double' to 'float', possible loss of data
D:\TESTING_ALL\new_web\RinoxAuth\ImGui - Prime' External\imgui_widgets.cpp(1419,27): warning C4244: 'initializing': conversion from 'double' to 'float', possible loss of data
D:\TESTING_ALL\new_web\RinoxAuth\ImGui - Prime' External\imgui_widgets.cpp(1433,19): warning C4189: 'g': local variable is initialized but not referenced
D:\TESTING_ALL\new_web\RinoxAuth\ImGui - Prime' External\imgui_widgets.cpp(1601,138): warning C4305: 'argument': truncation from 'double' to 'float'
D:\TESTING_ALL\new_web\RinoxAuth\ImGui - Prime' External\imgui_widgets.cpp(1602,136): warning C4305: 'argument': truncation from 'double' to 'float'
D:\TESTING_ALL\new_web\RinoxAuth\ImGui - Prime' External\imgui_widgets.cpp(1497,23): warning C4189: 'style': local variable is initialized but not referenced
D:\TESTING_ALL\new_web\RinoxAuth\ImGui - Prime' External\imgui_widgets.cpp(1839,139): warning C4305: 'argument': truncation from 'double' to 'float'
D:\TESTING_ALL\new_web\RinoxAuth\ImGui - Prime' External\imgui_widgets.cpp(1841,138): warning C4305: 'argument': truncation from 'double' to 'float'
D:\TESTING_ALL\new_web\RinoxAuth\ImGui - Prime' External\imgui_widgets.cpp(3806,17): warning C4189: 'value_buf_end': local variable is initialized but not referenced
D:\TESTING_ALL\new_web\RinoxAuth\ImGui - Prime' External\imgui_widgets.cpp(5482,195): warning C4244: 'argument': conversion from 'float' to 'ImDrawFlags', possible loss of data
  imgui_impl_dx11.cpp
D:\DOCUMENT\CoreDev Hub\C++ ALL ERROR FIX INTERNAL\Includes&Libs\Includes&Libs\DXSdk June 10\SDK\Include\dxgitype.h(12,9): warning C4005: 'DXGI_STATUS_OCCLUDED': macro redefinition
  (compiling source file '../../backends/imgui_impl_dx11.cpp')
      C:\Program Files (x86)\Windows Kits\10\Include\10.0.26100.0\shared\winerror.h(59282,9):
      see previous definition of 'DXGI_STATUS_OCCLUDED'
  
D:\DOCUMENT\CoreDev Hub\C++ ALL ERROR FIX INTERNAL\Includes&Libs\Includes&Libs\DXSdk June 10\SDK\Include\dxgitype.h(13,9): warning C4005: 'DXGI_STATUS_CLIPPED': macro redefinition
  (compiling source file '../../backends/imgui_impl_dx11.cpp')
      C:\Program Files (x86)\Windows Kits\10\Include\10.0.26100.0\shared\winerror.h(59291,9):
      see previous definition of 'DXGI_STATUS_CLIPPED'
  
D:\DOCUMENT\CoreDev Hub\C++ ALL ERROR FIX INTERNAL\Includes&Libs\Includes&Libs\DXSdk June 10\SDK\Include\dxgitype.h(14,9): warning C4005: 'DXGI_STATUS_NO_REDIRECTION': macro redefinition
  (compiling source file '../../backends/imgui_impl_dx11.cpp')
      C:\Program Files (x86)\Windows Kits\10\Include\10.0.26100.0\shared\winerror.h(59300,9):
      see previous definition of 'DXGI_STATUS_NO_REDIRECTION'
  
D:\DOCUMENT\CoreDev Hub\C++ ALL ERROR FIX INTERNAL\Includes&Libs\Includes&Libs\DXSdk June 10\SDK\Include\dxgitype.h(15,9): warning C4005: 'DXGI_STATUS_NO_DESKTOP_ACCESS': macro redefinition
  (compiling source file '../../backends/imgui_impl_dx11.cpp')
      C:\Program Files (x86)\Windows Kits\10\Include\10.0.26100.0\shared\winerror.h(59309,9):
      see previous definition of 'DXGI_STATUS_NO_DESKTOP_ACCESS'
  
D:\DOCUMENT\CoreDev Hub\C++ ALL ERROR FIX INTERNAL\Includes&Libs\Includes&Libs\DXSdk June 10\SDK\Include\dxgitype.h(16,9): warning C4005: 'DXGI_STATUS_GRAPHICS_VIDPN_SOURCE_IN_USE': macro redefinition
  (compiling source file '../../backends/imgui_impl_dx11.cpp')
      C:\Program Files (x86)\Windows Kits\10\Include\10.0.26100.0\shared\winerror.h(59318,9):
      see previous definition of 'DXGI_STATUS_GRAPHICS_VIDPN_SOURCE_IN_USE'
  
D:\DOCUMENT\CoreDev Hub\C++ ALL ERROR FIX INTERNAL\Includes&Libs\Includes&Libs\DXSdk June 10\SDK\Include\dxgitype.h(17,9): warning C4005: 'DXGI_STATUS_MODE_CHANGED': macro redefinition
  (compiling source file '../../backends/imgui_impl_dx11.cpp')
      C:\Program Files (x86)\Windows Kits\10\Include\10.0.26100.0\shared\winerror.h(59327,9):
      see previous definition of 'DXGI_STATUS_MODE_CHANGED'
  
D:\DOCUMENT\CoreDev Hub\C++ ALL ERROR FIX INTERNAL\Includes&Libs\Includes&Libs\DXSdk June 10\SDK\Include\dxgitype.h(18,9): warning C4005: 'DXGI_STATUS_MODE_CHANGE_IN_PROGRESS': macro redefinition
  (compiling source file '../../backends/imgui_impl_dx11.cpp')
      C:\Program Files (x86)\Windows Kits\10\Include\10.0.26100.0\shared\winerror.h(59336,9):
      see previous definition of 'DXGI_STATUS_MODE_CHANGE_IN_PROGRESS'
  
D:\DOCUMENT\CoreDev Hub\C++ ALL ERROR FIX INTERNAL\Includes&Libs\Includes&Libs\DXSdk June 10\SDK\Include\dxgitype.h(21,9): warning C4005: 'DXGI_ERROR_INVALID_CALL': macro redefinition
  (compiling source file '../../backends/imgui_impl_dx11.cpp')
      C:\Program Files (x86)\Windows Kits\10\Include\10.0.26100.0\shared\winerror.h(59351,9):
      see previous definition of 'DXGI_ERROR_INVALID_CALL'
  
D:\DOCUMENT\CoreDev Hub\C++ ALL ERROR FIX INTERNAL\Includes&Libs\Includes&Libs\DXSdk June 10\SDK\Include\dxgitype.h(22,9): warning C4005: 'DXGI_ERROR_NOT_FOUND': macro redefinition
  (compiling source file '../../backends/imgui_impl_dx11.cpp')
      C:\Program Files (x86)\Windows Kits\10\Include\10.0.26100.0\shared\winerror.h(59360,9):
      see previous definition of 'DXGI_ERROR_NOT_FOUND'
  
D:\DOCUMENT\CoreDev Hub\C++ ALL ERROR FIX INTERNAL\Includes&Libs\Includes&Libs\DXSdk June 10\SDK\Include\dxgitype.h(23,9): warning C4005: 'DXGI_ERROR_MORE_DATA': macro redefinition
  (compiling source file '../../backends/imgui_impl_dx11.cpp')
      C:\Program Files (x86)\Windows Kits\10\Include\10.0.26100.0\shared\winerror.h(59369,9):
      see previous definition of 'DXGI_ERROR_MORE_DATA'
  
D:\DOCUMENT\CoreDev Hub\C++ ALL ERROR FIX INTERNAL\Includes&Libs\Includes&Libs\DXSdk June 10\SDK\Include\dxgitype.h(24,9): warning C4005: 'DXGI_ERROR_UNSUPPORTED': macro redefinition
  (compiling source file '../../backends/imgui_impl_dx11.cpp')
      C:\Program Files (x86)\Windows Kits\10\Include\10.0.26100.0\shared\winerror.h(59378,9):
      see previous definition of 'DXGI_ERROR_UNSUPPORTED'
  
D:\DOCUMENT\CoreDev Hub\C++ ALL ERROR FIX INTERNAL\Includes&Libs\Includes&Libs\DXSdk June 10\SDK\Include\dxgitype.h(25,9): warning C4005: 'DXGI_ERROR_DEVICE_REMOVED': macro redefinition
  (compiling source file '../../backends/imgui_impl_dx11.cpp')
      C:\Program Files (x86)\Windows Kits\10\Include\10.0.26100.0\shared\winerror.h(59387,9):
      see previous definition of 'DXGI_ERROR_DEVICE_REMOVED'
  
D:\DOCUMENT\CoreDev Hub\C++ ALL ERROR FIX INTERNAL\Includes&Libs\Includes&Libs\DXSdk June 10\SDK\Include\dxgitype.h(26,9): warning C4005: 'DXGI_ERROR_DEVICE_HUNG': macro redefinition
  (compiling source file '../../backends/imgui_impl_dx11.cpp')
      C:\Program Files (x86)\Windows Kits\10\Include\10.0.26100.0\shared\winerror.h(59396,9):
      see previous definition of 'DXGI_ERROR_DEVICE_HUNG'
  
D:\DOCUMENT\CoreDev Hub\C++ ALL ERROR FIX INTERNAL\Includes&Libs\Includes&Libs\DXSdk June 10\SDK\Include\dxgitype.h(27,9): warning C4005: 'DXGI_ERROR_DEVICE_RESET': macro redefinition
  (compiling source file '../../backends/imgui_impl_dx11.cpp')
      C:\Program Files (x86)\Windows Kits\10\Include\10.0.26100.0\shared\winerror.h(59406,9):
      see previous definition of 'DXGI_ERROR_DEVICE_RESET'
  
D:\DOCUMENT\CoreDev Hub\C++ ALL ERROR FIX INTERNAL\Includes&Libs\Includes&Libs\DXSdk June 10\SDK\Include\dxgitype.h(28,9): warning C4005: 'DXGI_ERROR_WAS_STILL_DRAWING': macro redefinition
  (compiling source file '../../backends/imgui_impl_dx11.cpp')
      C:\Program Files (x86)\Windows Kits\10\Include\10.0.26100.0\shared\winerror.h(59415,9):
      see previous definition of 'DXGI_ERROR_WAS_STILL_DRAWING'
  
D:\DOCUMENT\CoreDev Hub\C++ ALL ERROR FIX INTERNAL\Includes&Libs\Includes&Libs\DXSdk June 10\SDK\Include\dxgitype.h(29,9): warning C4005: 'DXGI_ERROR_FRAME_STATISTICS_DISJOINT': macro redefinition
  (compiling source file '../../backends/imgui_impl_dx11.cpp')
      C:\Program Files (x86)\Windows Kits\10\Include\10.0.26100.0\shared\winerror.h(59425,9):
      see previous definition of 'DXGI_ERROR_FRAME_STATISTICS_DISJOINT'
  
D:\DOCUMENT\CoreDev Hub\C++ ALL ERROR FIX INTERNAL\Includes&Libs\Includes&Libs\DXSdk June 10\SDK\Include\dxgitype.h(30,9): warning C4005: 'DXGI_ERROR_GRAPHICS_VIDPN_SOURCE_IN_USE': macro redefinition
  (compiling source file '../../backends/imgui_impl_dx11.cpp')
      C:\Program Files (x86)\Windows Kits\10\Include\10.0.26100.0\shared\winerror.h(59434,9):
      see previous definition of 'DXGI_ERROR_GRAPHICS_VIDPN_SOURCE_IN_USE'
  
D:\DOCUMENT\CoreDev Hub\C++ ALL ERROR FIX INTERNAL\Includes&Libs\Includes&Libs\DXSdk June 10\SDK\Include\dxgitype.h(31,9): warning C4005: 'DXGI_ERROR_DRIVER_INTERNAL_ERROR': macro redefinition
  (compiling source file '../../backends/imgui_impl_dx11.cpp')
      C:\Program Files (x86)\Windows Kits\10\Include\10.0.26100.0\shared\winerror.h(59444,9):
      see previous definition of 'DXGI_ERROR_DRIVER_INTERNAL_ERROR'
  
D:\DOCUMENT\CoreDev Hub\C++ ALL ERROR FIX INTERNAL\Includes&Libs\Includes&Libs\DXSdk June 10\SDK\Include\dxgitype.h(32,9): warning C4005: 'DXGI_ERROR_NONEXCLUSIVE': macro redefinition
  (compiling source file '../../backends/imgui_impl_dx11.cpp')
      C:\Program Files (x86)\Windows Kits\10\Include\10.0.26100.0\shared\winerror.h(59453,9):
      see previous definition of 'DXGI_ERROR_NONEXCLUSIVE'
  
D:\DOCUMENT\CoreDev Hub\C++ ALL ERROR FIX INTERNAL\Includes&Libs\Includes&Libs\DXSdk June 10\SDK\Include\dxgitype.h(33,9): warning C4005: 'DXGI_ERROR_NOT_CURRENTLY_AVAILABLE': macro redefinition
  (compiling source file '../../backends/imgui_impl_dx11.cpp')
      C:\Program Files (x86)\Windows Kits\10\Include\10.0.26100.0\shared\winerror.h(59462,9):
      see previous definition of 'DXGI_ERROR_NOT_CURRENTLY_AVAILABLE'
  
D:\DOCUMENT\CoreDev Hub\C++ ALL ERROR FIX INTERNAL\Includes&Libs\Includes&Libs\DXSdk June 10\SDK\Include\dxgitype.h(34,9): warning C4005: 'DXGI_ERROR_REMOTE_CLIENT_DISCONNECTED': macro redefinition
  (compiling source file '../../backends/imgui_impl_dx11.cpp')
      C:\Program Files (x86)\Windows Kits\10\Include\10.0.26100.0\shared\winerror.h(59472,9):
      see previous definition of 'DXGI_ERROR_REMOTE_CLIENT_DISCONNECTED'
  
D:\DOCUMENT\CoreDev Hub\C++ ALL ERROR FIX INTERNAL\Includes&Libs\Includes&Libs\DXSdk June 10\SDK\Include\dxgitype.h(35,9): warning C4005: 'DXGI_ERROR_REMOTE_OUTOFMEMORY': macro redefinition
  (compiling source file '../../backends/imgui_impl_dx11.cpp')
      C:\Program Files (x86)\Windows Kits\10\Include\10.0.26100.0\shared\winerror.h(59481,9):
      see previous definition of 'DXGI_ERROR_REMOTE_OUTOFMEMORY'
  
D:\DOCUMENT\CoreDev Hub\C++ ALL ERROR FIX INTERNAL\Includes&Libs\Includes&Libs\DXSdk June 10\SDK\Include\d3d11.h(917,9): warning C4005: 'D3D11_ERROR_TOO_MANY_UNIQUE_STATE_OBJECTS': macro redefinition
  (compiling source file '../../backends/imgui_impl_dx11.cpp')
      C:\Program Files (x86)\Windows Kits\10\Include\10.0.26100.0\shared\winerror.h(59796,9):
      see previous definition of 'D3D11_ERROR_TOO_MANY_UNIQUE_STATE_OBJECTS'
  
D:\DOCUMENT\CoreDev Hub\C++ ALL ERROR FIX INTERNAL\Includes&Libs\Includes&Libs\DXSdk June 10\SDK\Include\d3d11.h(918,9): warning C4005: 'D3D11_ERROR_FILE_NOT_FOUND': macro redefinition
  (compiling source file '../../backends/imgui_impl_dx11.cpp')
      C:\Program Files (x86)\Windows Kits\10\Include\10.0.26100.0\shared\winerror.h(59805,9):
      see previous definition of 'D3D11_ERROR_FILE_NOT_FOUND'
  
D:\DOCUMENT\CoreDev Hub\C++ ALL ERROR FIX INTERNAL\Includes&Libs\Includes&Libs\DXSdk June 10\SDK\Include\d3d11.h(919,9): warning C4005: 'D3D11_ERROR_TOO_MANY_UNIQUE_VIEW_OBJECTS': macro redefinition
  (compiling source file '../../backends/imgui_impl_dx11.cpp')
      C:\Program Files (x86)\Windows Kits\10\Include\10.0.26100.0\shared\winerror.h(59815,9):
      see previous definition of 'D3D11_ERROR_TOO_MANY_UNIQUE_VIEW_OBJECTS'
  
D:\DOCUMENT\CoreDev Hub\C++ ALL ERROR FIX INTERNAL\Includes&Libs\Includes&Libs\DXSdk June 10\SDK\Include\d3d11.h(920,9): warning C4005: 'D3D11_ERROR_DEFERRED_CONTEXT_MAP_WITHOUT_INITIAL_DISCARD': macro redefinition
  (compiling source file '../../backends/imgui_impl_dx11.cpp')
      C:\Program Files (x86)\Windows Kits\10\Include\10.0.26100.0\shared\winerror.h(59824,9):
      see previous definition of 'D3D11_ERROR_DEFERRED_CONTEXT_MAP_WITHOUT_INITIAL_DISCARD'
  
D:\DOCUMENT\CoreDev Hub\C++ ALL ERROR FIX INTERNAL\Includes&Libs\Includes&Libs\DXSdk June 10\SDK\Include\d3d10.h(608,9): warning C4005: 'D3D10_ERROR_TOO_MANY_UNIQUE_STATE_OBJECTS': macro redefinition
  (compiling source file '../../backends/imgui_impl_dx11.cpp')
      C:\Program Files (x86)\Windows Kits\10\Include\10.0.26100.0\shared\winerror.h(59772,9):
      see previous definition of 'D3D10_ERROR_TOO_MANY_UNIQUE_STATE_OBJECTS'
  
D:\DOCUMENT\CoreDev Hub\C++ ALL ERROR FIX INTERNAL\Includes&Libs\Includes&Libs\DXSdk June 10\SDK\Include\d3d10.h(609,9): warning C4005: 'D3D10_ERROR_FILE_NOT_FOUND': macro redefinition
  (compiling source file '../../backends/imgui_impl_dx11.cpp')
      C:\Program Files (x86)\Windows Kits\10\Include\10.0.26100.0\shared\winerror.h(59781,9):
      see previous definition of 'D3D10_ERROR_FILE_NOT_FOUND'
  
  imgui_impl_win32.cpp
  wnetwrap.cpp
D:\TESTING_ALL\new_web\RinoxAuth\ImGui - Prime' External\examples\example_win32_directx11\Auth\wnetwrap.cpp(1,9): warning C4005: '_CRT_SECURE_NO_WARNINGS': macro redefinition
      D:\TESTING_ALL\new_web\RinoxAuth\ImGui - Prime' External\examples\example_win32_directx11\Auth\wnetwrap.cpp(1,9):
      '_CRT_SECURE_NO_WARNINGS' previously declared on the command line
  
D:\TESTING_ALL\new_web\RinoxAuth\ImGui - Prime' External\examples\example_win32_directx11\Auth\wnetwrap.h(41,25): warning C4244: 'argument': conversion from 'int' to '_Elem', possible loss of data
D:\TESTING_ALL\new_web\RinoxAuth\ImGui - Prime' External\examples\example_win32_directx11\Auth\wnetwrap.h(41,25): warning C4244:         with
D:\TESTING_ALL\new_web\RinoxAuth\ImGui - Prime' External\examples\example_win32_directx11\Auth\wnetwrap.h(41,25): warning C4244:         [
D:\TESTING_ALL\new_web\RinoxAuth\ImGui - Prime' External\examples\example_win32_directx11\Auth\wnetwrap.h(41,25): warning C4244:             _Elem=char
D:\TESTING_ALL\new_web\RinoxAuth\ImGui - Prime' External\examples\example_win32_directx11\Auth\wnetwrap.h(41,25): warning C4244:         ]
  (compiling source file 'Auth/wnetwrap.cpp')
  
D:\TESTING_ALL\new_web\RinoxAuth\ImGui - Prime' External\examples\example_win32_directx11\Auth\wnetwrap.h(45,25): warning C4244: 'argument': conversion from 'int' to '_Elem', possible loss of data
D:\TESTING_ALL\new_web\RinoxAuth\ImGui - Prime' External\examples\example_win32_directx11\Auth\wnetwrap.h(45,25): warning C4244:         with
D:\TESTING_ALL\new_web\RinoxAuth\ImGui - Prime' External\examples\example_win32_directx11\Auth\wnetwrap.h(45,25): warning C4244:         [
D:\TESTING_ALL\new_web\RinoxAuth\ImGui - Prime' External\examples\example_win32_directx11\Auth\wnetwrap.h(45,25): warning C4244:             _Elem=char
D:\TESTING_ALL\new_web\RinoxAuth\ImGui - Prime' External\examples\example_win32_directx11\Auth\wnetwrap.h(45,25): warning C4244:         ]
  (compiling source file 'Auth/wnetwrap.cpp')
  
D:\TESTING_ALL\new_web\RinoxAuth\ImGui - Prime' External\examples\example_win32_directx11\Auth\wnetwrap.cpp(68,144): warning C4267: 'argument': conversion from 'size_t' to 'DWORD', possible loss of data
D:\TESTING_ALL\new_web\RinoxAuth\ImGui - Prime' External\examples\example_win32_directx11\Auth\wnetwrap.cpp(69,144): warning C4267: 'argument': conversion from 'size_t' to 'DWORD', possible loss of data
D:\TESTING_ALL\new_web\RinoxAuth\ImGui - Prime' External\examples\example_win32_directx11\Auth\wnetwrap.cpp(113,108): warning C4267: 'argument': conversion from 'size_t' to 'DWORD', possible loss of data
D:\TESTING_ALL\new_web\RinoxAuth\ImGui - Prime' External\examples\example_win32_directx11\Auth\wnetwrap.cpp(113,61): warning C4245: 'argument': conversion from 'long' to 'DWORD', signed/unsigned mismatch
D:\TESTING_ALL\new_web\RinoxAuth\ImGui - Prime' External\examples\example_win32_directx11\Auth\wnetwrap.cpp(146,44): warning C4244: '=': conversion from 'int' to '_Elem', possible loss of data
D:\TESTING_ALL\new_web\RinoxAuth\ImGui - Prime' External\examples\example_win32_directx11\Auth\wnetwrap.cpp(146,44): warning C4244:         with
D:\TESTING_ALL\new_web\RinoxAuth\ImGui - Prime' External\examples\example_win32_directx11\Auth\wnetwrap.cpp(146,44): warning C4244:         [
D:\TESTING_ALL\new_web\RinoxAuth\ImGui - Prime' External\examples\example_win32_directx11\Auth\wnetwrap.cpp(146,44): warning C4244:             _Elem=char
D:\TESTING_ALL\new_web\RinoxAuth\ImGui - Prime' External\examples\example_win32_directx11\Auth\wnetwrap.cpp(146,44): warning C4244:         ]
D:\TESTING_ALL\new_web\RinoxAuth\ImGui - Prime' External\examples\example_win32_directx11\Auth\wnetwrap.cpp(323,20): warning C4245: 'initializing': conversion from 'int' to 'DWORD', signed/unsigned mismatch
D:\TESTING_ALL\new_web\RinoxAuth\ImGui - Prime' External\examples\example_win32_directx11\Auth\wnetwrap.cpp(415,23): warning C4244: '=': conversion from 'int' to '_Elem', possible loss of data
D:\TESTING_ALL\new_web\RinoxAuth\ImGui - Prime' External\examples\example_win32_directx11\Auth\wnetwrap.cpp(415,23): warning C4244:         with
D:\TESTING_ALL\new_web\RinoxAuth\ImGui - Prime' External\examples\example_win32_directx11\Auth\wnetwrap.cpp(415,23): warning C4244:         [
D:\TESTING_ALL\new_web\RinoxAuth\ImGui - Prime' External\examples\example_win32_directx11\Auth\wnetwrap.cpp(415,23): warning C4244:             _Elem=char
D:\TESTING_ALL\new_web\RinoxAuth\ImGui - Prime' External\examples\example_win32_directx11\Auth\wnetwrap.cpp(415,23): warning C4244:         ]
D:\TESTING_ALL\new_web\RinoxAuth\ImGui - Prime' External\examples\example_win32_directx11\Auth\wnetwrap.cpp(752,128): warning C4267: 'argument': conversion from 'size_t' to 'DWORD', possible loss of data
D:\TESTING_ALL\new_web\RinoxAuth\ImGui - Prime' External\examples\example_win32_directx11\Auth\wnetwrap.cpp(752,81): warning C4245: 'argument': conversion from 'long' to 'DWORD', signed/unsigned mismatch
D:\TESTING_ALL\new_web\RinoxAuth\ImGui - Prime' External\examples\example_win32_directx11\Auth\wnetwrap.cpp(768,7): warning C4189: 'store': local variable is initialized but not referenced
D:\TESTING_ALL\new_web\RinoxAuth\ImGui - Prime' External\examples\example_win32_directx11\Auth\wnetwrap.cpp(839,28): warning C4996: 'std::codecvt_utf8_utf16<wchar_t,1114111,(std::codecvt_mode)0>': warning STL4017: std::wbuffer_convert, std::wstring_convert, and the <codecvt> header (containing std::codecvt_mode, std::codecvt_utf8, std::codecvt_utf16, and std::codecvt_utf8_utf16) are deprecated in C++17. (The std::codecvt class template is NOT deprecated.) The C++ Standard doesn't provide equivalent non-deprecated functionality; consider using MultiByteToWideChar() and WideCharToMultiByte() from <Windows.h> instead. You can define _SILENCE_CXX17_CODECVT_HEADER_DEPRECATION_WARNING or _SILENCE_ALL_CXX17_DEPRECATION_WARNINGS to suppress this warning.
      C:\Program Files\Microsoft Visual Studio\2022\Community\VC\Tools\MSVC\14.44.35207\include\codecvt(442,39):
      see declaration of 'std::codecvt_utf8_utf16'
  
D:\TESTING_ALL\new_web\RinoxAuth\ImGui - Prime' External\examples\example_win32_directx11\Auth\wnetwrap.cpp(839,7): warning C4996: 'std::wstring_convert<std::codecvt_utf8_utf16<wchar_t,1114111,(std::codecvt_mode)0>,wchar_t,std::allocator<wchar_t>,std::allocator<char>>': warning STL4017: std::wbuffer_convert, std::wstring_convert, and the <codecvt> header (containing std::codecvt_mode, std::codecvt_utf8, std::codecvt_utf16, and std::codecvt_utf8_utf16) are deprecated in C++17. (The std::codecvt class template is NOT deprecated.) The C++ Standard doesn't provide equivalent non-deprecated functionality; consider using MultiByteToWideChar() and WideCharToMultiByte() from <Windows.h> instead. You can define _SILENCE_CXX17_CODECVT_HEADER_DEPRECATION_WARNING or _SILENCE_ALL_CXX17_DEPRECATION_WARNINGS to suppress this warning.
      C:\Program Files\Microsoft Visual Studio\2022\Community\VC\Tools\MSVC\14.44.35207\include\xlocbuf(303,39):
      see declaration of 'std::wstring_convert'
  
D:\TESTING_ALL\new_web\RinoxAuth\ImGui - Prime' External\examples\example_win32_directx11\Auth\wnetwrap.cpp(839,57): warning C4996: 'std::wstring_convert<std::codecvt_utf8_utf16<wchar_t,1114111,(std::codecvt_mode)0>,wchar_t,std::allocator<wchar_t>,std::allocator<char>>::wstring_convert': warning STL4017: std::wbuffer_convert, std::wstring_convert, and the <codecvt> header (containing std::codecvt_mode, std::codecvt_utf8, std::codecvt_utf16, and std::codecvt_utf8_utf16) are deprecated in C++17. (The std::codecvt class template is NOT deprecated.) The C++ Standard doesn't provide equivalent non-deprecated functionality; consider using MultiByteToWideChar() and WideCharToMultiByte() from <Windows.h> instead. You can define _SILENCE_CXX17_CODECVT_HEADER_DEPRECATION_WARNING or _SILENCE_ALL_CXX17_DEPRECATION_WARNINGS to suppress this warning.
D:\TESTING_ALL\new_web\RinoxAuth\ImGui - Prime' External\examples\example_win32_directx11\Auth\wnetwrap.cpp(841,31): warning C4996: 'std::wstring_convert<std::codecvt_utf8_utf16<wchar_t,1114111,(std::codecvt_mode)0>,wchar_t,std::allocator<wchar_t>,std::allocator<char>>::from_bytes': warning STL4017: std::wbuffer_convert, std::wstring_convert, and the <codecvt> header (containing std::codecvt_mode, std::codecvt_utf8, std::codecvt_utf16, and std::codecvt_utf8_utf16) are deprecated in C++17. (The std::codecvt class template is NOT deprecated.) The C++ Standard doesn't provide equivalent non-deprecated functionality; consider using MultiByteToWideChar() and WideCharToMultiByte() from <Windows.h> instead. You can define _SILENCE_CXX17_CODECVT_HEADER_DEPRECATION_WARNING or _SILENCE_ALL_CXX17_DEPRECATION_WARNINGS to suppress this warning.
D:\TESTING_ALL\new_web\RinoxAuth\ImGui - Prime' External\examples\example_win32_directx11\Auth\wnetwrap.cpp(851,34): warning C4996: 'std::wstring_convert<std::codecvt_utf8_utf16<wchar_t,1114111,(std::codecvt_mode)0>,wchar_t,std::allocator<wchar_t>,std::allocator<char>>::to_bytes': warning STL4017: std::wbuffer_convert, std::wstring_convert, and the <codecvt> header (containing std::codecvt_mode, std::codecvt_utf8, std::codecvt_utf16, and std::codecvt_utf8_utf16) are deprecated in C++17. (The std::codecvt class template is NOT deprecated.) The C++ Standard doesn't provide equivalent non-deprecated functionality; consider using MultiByteToWideChar() and WideCharToMultiByte() from <Windows.h> instead. You can define _SILENCE_CXX17_CODECVT_HEADER_DEPRECATION_WARNING or _SILENCE_ALL_CXX17_DEPRECATION_WARNINGS to suppress this warning.
  CircularLoader.cpp
  Discord.cpp
  connection_win.cpp
  discord_register_win.cpp
  discord_rpc.cpp
  dllmain.cpp
  rpc_connection.cpp
  serialization.cpp
  DynamicSelector.cpp
D:\TESTING_ALL\new_web\RinoxAuth\ImGui - Prime' External\examples\example_win32_directx11\DynamicSelector.cpp(43,18): warning C4189: 'window': local variable is initialized but not referenced
D:\TESTING_ALL\new_web\RinoxAuth\ImGui - Prime' External\examples\example_win32_directx11\DynamicSelector.cpp(42,19): warning C4189: 'g': local variable is initialized but not referenced
D:\TESTING_ALL\new_web\RinoxAuth\ImGui - Prime' External\examples\example_win32_directx11\DynamicSelector.cpp(36,14): warning C4505: 'SmoothStep': unreferenced function with internal linkage has been removed
  FakeLag.cpp
  FakeLagMonitor.cpp
  imgui_edited.cpp
D:\TESTING_ALL\new_web\RinoxAuth\ImGui - Prime' External\examples\example_win32_directx11\imgui_edited.cpp(253,136): warning C4305: 'argument': truncation from 'double' to 'float'
D:\TESTING_ALL\new_web\RinoxAuth\ImGui - Prime' External\examples\example_win32_directx11\imgui_edited.cpp(255,135): warning C4305: 'argument': truncation from 'double' to 'float'
D:\TESTING_ALL\new_web\RinoxAuth\ImGui - Prime' External\examples\example_win32_directx11\imgui_edited.cpp(358,136): warning C4305: 'argument': truncation from 'double' to 'float'
D:\TESTING_ALL\new_web\RinoxAuth\ImGui - Prime' External\examples\example_win32_directx11\imgui_edited.cpp(373,135): warning C4305: 'argument': truncation from 'double' to 'float'
D:\TESTING_ALL\new_web\RinoxAuth\ImGui - Prime' External\examples\example_win32_directx11\imgui_edited.cpp(350,83): warning C4189: 'pressed': local variable is initialized but not referenced
D:\TESTING_ALL\new_web\RinoxAuth\ImGui - Prime' External\examples\example_win32_directx11\imgui_edited.cpp(371,21): warning C4189: 'value_buf_end': local variable is initialized but not referenced
D:\TESTING_ALL\new_web\RinoxAuth\ImGui - Prime' External\examples\example_win32_directx11\imgui_edited.cpp(351,14): warning C4189: 'temp_input_is_active': local variable is initialized but not referenced
D:\TESTING_ALL\new_web\RinoxAuth\ImGui - Prime' External\examples\example_win32_directx11\imgui_edited.cpp(424,17): warning C4244: 'initializing': conversion from 'double' to 'float', possible loss of data
D:\TESTING_ALL\new_web\RinoxAuth\ImGui - Prime' External\examples\example_win32_directx11\imgui_edited.cpp(424,31): warning C4244: 'initializing': conversion from 'double' to 'float', possible loss of data
D:\TESTING_ALL\new_web\RinoxAuth\ImGui - Prime' External\examples\example_win32_directx11\imgui_edited.cpp(473,132): warning C4305: 'argument': truncation from 'double' to 'float'
D:\TESTING_ALL\new_web\RinoxAuth\ImGui - Prime' External\examples\example_win32_directx11\imgui_edited.cpp(486,131): warning C4305: 'argument': truncation from 'double' to 'float'
D:\TESTING_ALL\new_web\RinoxAuth\ImGui - Prime' External\examples\example_win32_directx11\imgui_edited.cpp(438,129): warning C4100: 'flags': unreferenced parameter
D:\TESTING_ALL\new_web\RinoxAuth\ImGui - Prime' External\examples\example_win32_directx11\imgui_edited.cpp(460,29): warning C4189: 'pressed': local variable is initialized but not referenced
D:\TESTING_ALL\new_web\RinoxAuth\ImGui - Prime' External\examples\example_win32_directx11\imgui_edited.cpp(509,14): warning C4189: 'ret': local variable is initialized but not referenced
D:\TESTING_ALL\new_web\RinoxAuth\ImGui - Prime' External\examples\example_win32_directx11\imgui_edited.cpp(528,23): warning C4189: 'g': local variable is initialized but not referenced
D:\TESTING_ALL\new_web\RinoxAuth\ImGui - Prime' External\examples\example_win32_directx11\imgui_edited.cpp(1042,136): warning C4305: 'argument': truncation from 'double' to 'float'
D:\TESTING_ALL\new_web\RinoxAuth\ImGui - Prime' External\examples\example_win32_directx11\imgui_edited.cpp(1053,135): warning C4305: 'argument': truncation from 'double' to 'float'
D:\TESTING_ALL\new_web\RinoxAuth\ImGui - Prime' External\examples\example_win32_directx11\imgui_edited.cpp(1050,21): warning C4189: 'value_buf_end': local variable is initialized but not referenced
D:\TESTING_ALL\new_web\RinoxAuth\ImGui - Prime' External\examples\example_win32_directx11\imgui_edited.cpp(1121,235): warning C4244: 'argument': conversion from 'float' to 'ImDrawFlags', possible loss of data
D:\TESTING_ALL\new_web\RinoxAuth\ImGui - Prime' External\examples\example_win32_directx11\imgui_edited.cpp(1124,235): warning C4244: 'argument': conversion from 'float' to 'ImDrawFlags', possible loss of data
D:\TESTING_ALL\new_web\RinoxAuth\ImGui - Prime' External\examples\example_win32_directx11\imgui_edited.cpp(1113,21): warning C4189: 'value_buf_end1': local variable is initialized but not referenced
D:\TESTING_ALL\new_web\RinoxAuth\ImGui - Prime' External\examples\example_win32_directx11\imgui_edited.cpp(1106,20): warning C4189: 'value_changed1': local variable is initialized but not referenced
D:\TESTING_ALL\new_web\RinoxAuth\ImGui - Prime' External\examples\example_win32_directx11\imgui_edited.cpp(1090,29): warning C4189: 'pressed': local variable is initialized but not referenced
D:\TESTING_ALL\new_web\RinoxAuth\ImGui - Prime' External\examples\example_win32_directx11\imgui_edited.cpp(1112,21): warning C4189: 'value_buf_end0': local variable is initialized but not referenced
D:\TESTING_ALL\new_web\RinoxAuth\ImGui - Prime' External\examples\example_win32_directx11\imgui_edited.cpp(1092,14): warning C4189: 'temp_input_is_active': local variable is initialized but not referenced
D:\TESTING_ALL\new_web\RinoxAuth\ImGui - Prime' External\examples\example_win32_directx11\imgui_edited.cpp(1193,24): warning C4189: 'state': local variable is initialized but not referenced
D:\TESTING_ALL\new_web\RinoxAuth\ImGui - Prime' External\examples\example_win32_directx11\imgui_edited.cpp(1185,27): warning C4189: 'style': local variable is initialized but not referenced
D:\TESTING_ALL\new_web\RinoxAuth\ImGui - Prime' External\examples\example_win32_directx11\imgui_edited.cpp(1224,110): warning C4244: 'argument': conversion from 'float' to 'int', possible loss of data
D:\TESTING_ALL\new_web\RinoxAuth\ImGui - Prime' External\examples\example_win32_directx11\imgui_edited.cpp(1225,130): warning C4244: 'argument': conversion from 'float' to 'ImDrawFlags', possible loss of data
D:\TESTING_ALL\new_web\RinoxAuth\ImGui - Prime' External\examples\example_win32_directx11\imgui_edited.cpp(1227,131): warning C4244: 'argument': conversion from 'float' to 'int', possible loss of data
D:\TESTING_ALL\new_web\RinoxAuth\ImGui - Prime' External\examples\example_win32_directx11\imgui_edited.cpp(1222,24): warning C4189: 'state': local variable is initialized but not referenced
D:\TESTING_ALL\new_web\RinoxAuth\ImGui - Prime' External\examples\example_win32_directx11\imgui_edited.cpp(1213,27): warning C4189: 'style': local variable is initialized but not referenced
D:\TESTING_ALL\new_web\RinoxAuth\ImGui - Prime' External\examples\example_win32_directx11\imgui_edited.cpp(1388,28): warning C4456: declaration of 'col_v4' hides previous local declaration
      D:\TESTING_ALL\new_web\RinoxAuth\ImGui - Prime' External\examples\example_win32_directx11\imgui_edited.cpp(1351,26):
      see declaration of 'col_v4'
  
D:\TESTING_ALL\new_web\RinoxAuth\ImGui - Prime' External\examples\example_win32_directx11\imgui_edited.cpp(1437,125): warning C4244: 'argument': conversion from 'int' to 'float', possible loss of data
D:\TESTING_ALL\new_web\RinoxAuth\ImGui - Prime' External\examples\example_win32_directx11\imgui_edited.cpp(1481,30): warning C4456: declaration of 'i' hides previous local declaration
      D:\TESTING_ALL\new_web\RinoxAuth\ImGui - Prime' External\examples\example_win32_directx11\imgui_edited.cpp(1292,13):
      see declaration of 'i'
  
D:\TESTING_ALL\new_web\RinoxAuth\ImGui - Prime' External\examples\example_win32_directx11\imgui_edited.cpp(1514,168): warning C4305: 'argument': truncation from 'double' to 'float'
D:\TESTING_ALL\new_web\RinoxAuth\ImGui - Prime' External\examples\example_win32_directx11\imgui_edited.cpp(1515,167): warning C4305: 'argument': truncation from 'double' to 'float'
D:\TESTING_ALL\new_web\RinoxAuth\ImGui - Prime' External\examples\example_win32_directx11\imgui_edited.cpp(1703,95): warning C4244: 'argument': conversion from 'float' to 'int', possible loss of data
D:\TESTING_ALL\new_web\RinoxAuth\ImGui - Prime' External\examples\example_win32_directx11\imgui_edited.cpp(1724,101): warning C4244: 'argument': conversion from 'float' to 'int', possible loss of data
D:\TESTING_ALL\new_web\RinoxAuth\ImGui - Prime' External\examples\example_win32_directx11\imgui_edited.cpp(1542,96): warning C4100: 'ref_col': unreferenced parameter
D:\TESTING_ALL\new_web\RinoxAuth\ImGui - Prime' External\examples\example_win32_directx11\imgui_edited.cpp(1575,15): warning C4189: 'square_sz': local variable is initialized but not referenced
D:\TESTING_ALL\new_web\RinoxAuth\ImGui - Prime' External\examples\example_win32_directx11\imgui_edited.cpp(1580,15): warning C4189: 'bars_triangles_half_sz': local variable is initialized but not referenced
D:\TESTING_ALL\new_web\RinoxAuth\ImGui - Prime' External\examples\example_win32_directx11\imgui_edited.cpp(1679,21): warning C4189: 'col_midgrey': local variable is initialized but not referenced
D:\TESTING_ALL\new_web\RinoxAuth\ImGui - Prime' External\examples\example_win32_directx11\imgui_edited.cpp(1738,103): warning C4100: 'size_arg': unreferenced parameter
D:\TESTING_ALL\new_web\RinoxAuth\ImGui - Prime' External\examples\example_win32_directx11\imgui_edited.cpp(1745,21): warning C4189: 'default_size': local variable is initialized but not referenced
D:\TESTING_ALL\new_web\RinoxAuth\ImGui - Prime' External\examples\example_win32_directx11\imgui_edited.cpp(1743,23): warning C4189: 'g': local variable is initialized but not referenced
D:\TESTING_ALL\new_web\RinoxAuth\ImGui - Prime' External\examples\example_win32_directx11\imgui_edited.cpp(1868,79): warning C4244: 'argument': conversion from 'int' to 'float', possible loss of data
D:\TESTING_ALL\new_web\RinoxAuth\ImGui - Prime' External\examples\example_win32_directx11\imgui_edited.cpp(1785,288): warning C4100: 'hit': unreferenced parameter
D:\TESTING_ALL\new_web\RinoxAuth\ImGui - Prime' External\examples\example_win32_directx11\imgui_edited.cpp(1785,253): warning C4100: 'money': unreferenced parameter
D:\TESTING_ALL\new_web\RinoxAuth\ImGui - Prime' External\examples\example_win32_directx11\imgui_edited.cpp(1785,224): warning C4100: 'c4': unreferenced parameter
D:\TESTING_ALL\new_web\RinoxAuth\ImGui - Prime' External\examples\example_win32_directx11\imgui_edited.cpp(1785,191): warning C4100: 'bomb': unreferenced parameter
D:\TESTING_ALL\new_web\RinoxAuth\ImGui - Prime' External\examples\example_win32_directx11\imgui_edited.cpp(1785,158): warning C4100: 'zoom': unreferenced parameter
D:\TESTING_ALL\new_web\RinoxAuth\ImGui - Prime' External\examples\example_win32_directx11\imgui_edited.cpp(1785,93): warning C4100: 'weapon': unreferenced parameter
D:\TESTING_ALL\new_web\RinoxAuth\ImGui - Prime' External\examples\example_win32_directx11\imgui_edited.cpp(1785,56): warning C4100: 'nickname': unreferenced parameter
D:\TESTING_ALL\new_web\RinoxAuth\ImGui - Prime' External\examples\example_win32_directx11\imgui_edited.cpp(1525,17): warning C4505: 'edited::RenderArrowsForVerticalBar': unreferenced function with internal linkage has been removed
  Compiling...
  main.cpp
D:\DOCUMENT\CoreDev Hub\C++ ALL ERROR FIX INTERNAL\Includes&Libs\Includes&Libs\DXSdk June 10\SDK\Include\dxgitype.h(12,9): warning C4005: 'DXGI_STATUS_OCCLUDED': macro redefinition
  (compiling source file 'main.cpp')
      C:\Program Files (x86)\Windows Kits\10\Include\10.0.26100.0\shared\winerror.h(59282,9):
      see previous definition of 'DXGI_STATUS_OCCLUDED'
  
D:\DOCUMENT\CoreDev Hub\C++ ALL ERROR FIX INTERNAL\Includes&Libs\Includes&Libs\DXSdk June 10\SDK\Include\dxgitype.h(13,9): warning C4005: 'DXGI_STATUS_CLIPPED': macro redefinition
  (compiling source file 'main.cpp')
      C:\Program Files (x86)\Windows Kits\10\Include\10.0.26100.0\shared\winerror.h(59291,9):
      see previous definition of 'DXGI_STATUS_CLIPPED'
  
D:\DOCUMENT\CoreDev Hub\C++ ALL ERROR FIX INTERNAL\Includes&Libs\Includes&Libs\DXSdk June 10\SDK\Include\dxgitype.h(14,9): warning C4005: 'DXGI_STATUS_NO_REDIRECTION': macro redefinition
  (compiling source file 'main.cpp')
      C:\Program Files (x86)\Windows Kits\10\Include\10.0.26100.0\shared\winerror.h(59300,9):
      see previous definition of 'DXGI_STATUS_NO_REDIRECTION'
  
D:\DOCUMENT\CoreDev Hub\C++ ALL ERROR FIX INTERNAL\Includes&Libs\Includes&Libs\DXSdk June 10\SDK\Include\dxgitype.h(15,9): warning C4005: 'DXGI_STATUS_NO_DESKTOP_ACCESS': macro redefinition
  (compiling source file 'main.cpp')
      C:\Program Files (x86)\Windows Kits\10\Include\10.0.26100.0\shared\winerror.h(59309,9):
      see previous definition of 'DXGI_STATUS_NO_DESKTOP_ACCESS'
  
D:\DOCUMENT\CoreDev Hub\C++ ALL ERROR FIX INTERNAL\Includes&Libs\Includes&Libs\DXSdk June 10\SDK\Include\dxgitype.h(16,9): warning C4005: 'DXGI_STATUS_GRAPHICS_VIDPN_SOURCE_IN_USE': macro redefinition
  (compiling source file 'main.cpp')
      C:\Program Files (x86)\Windows Kits\10\Include\10.0.26100.0\shared\winerror.h(59318,9):
      see previous definition of 'DXGI_STATUS_GRAPHICS_VIDPN_SOURCE_IN_USE'
  
D:\DOCUMENT\CoreDev Hub\C++ ALL ERROR FIX INTERNAL\Includes&Libs\Includes&Libs\DXSdk June 10\SDK\Include\dxgitype.h(17,9): warning C4005: 'DXGI_STATUS_MODE_CHANGED': macro redefinition
  (compiling source file 'main.cpp')
      C:\Program Files (x86)\Windows Kits\10\Include\10.0.26100.0\shared\winerror.h(59327,9):
      see previous definition of 'DXGI_STATUS_MODE_CHANGED'
  
D:\DOCUMENT\CoreDev Hub\C++ ALL ERROR FIX INTERNAL\Includes&Libs\Includes&Libs\DXSdk June 10\SDK\Include\dxgitype.h(18,9): warning C4005: 'DXGI_STATUS_MODE_CHANGE_IN_PROGRESS': macro redefinition
  (compiling source file 'main.cpp')
      C:\Program Files (x86)\Windows Kits\10\Include\10.0.26100.0\shared\winerror.h(59336,9):
      see previous definition of 'DXGI_STATUS_MODE_CHANGE_IN_PROGRESS'
  
D:\DOCUMENT\CoreDev Hub\C++ ALL ERROR FIX INTERNAL\Includes&Libs\Includes&Libs\DXSdk June 10\SDK\Include\dxgitype.h(21,9): warning C4005: 'DXGI_ERROR_INVALID_CALL': macro redefinition
  (compiling source file 'main.cpp')
      C:\Program Files (x86)\Windows Kits\10\Include\10.0.26100.0\shared\winerror.h(59351,9):
      see previous definition of 'DXGI_ERROR_INVALID_CALL'
  
D:\DOCUMENT\CoreDev Hub\C++ ALL ERROR FIX INTERNAL\Includes&Libs\Includes&Libs\DXSdk June 10\SDK\Include\dxgitype.h(22,9): warning C4005: 'DXGI_ERROR_NOT_FOUND': macro redefinition
  (compiling source file 'main.cpp')
      C:\Program Files (x86)\Windows Kits\10\Include\10.0.26100.0\shared\winerror.h(59360,9):
      see previous definition of 'DXGI_ERROR_NOT_FOUND'
  
D:\DOCUMENT\CoreDev Hub\C++ ALL ERROR FIX INTERNAL\Includes&Libs\Includes&Libs\DXSdk June 10\SDK\Include\dxgitype.h(23,9): warning C4005: 'DXGI_ERROR_MORE_DATA': macro redefinition
  (compiling source file 'main.cpp')
      C:\Program Files (x86)\Windows Kits\10\Include\10.0.26100.0\shared\winerror.h(59369,9):
      see previous definition of 'DXGI_ERROR_MORE_DATA'
  
D:\DOCUMENT\CoreDev Hub\C++ ALL ERROR FIX INTERNAL\Includes&Libs\Includes&Libs\DXSdk June 10\SDK\Include\dxgitype.h(24,9): warning C4005: 'DXGI_ERROR_UNSUPPORTED': macro redefinition
  (compiling source file 'main.cpp')
      C:\Program Files (x86)\Windows Kits\10\Include\10.0.26100.0\shared\winerror.h(59378,9):
      see previous definition of 'DXGI_ERROR_UNSUPPORTED'
  
D:\DOCUMENT\CoreDev Hub\C++ ALL ERROR FIX INTERNAL\Includes&Libs\Includes&Libs\DXSdk June 10\SDK\Include\dxgitype.h(25,9): warning C4005: 'DXGI_ERROR_DEVICE_REMOVED': macro redefinition
  (compiling source file 'main.cpp')
      C:\Program Files (x86)\Windows Kits\10\Include\10.0.26100.0\shared\winerror.h(59387,9):
      see previous definition of 'DXGI_ERROR_DEVICE_REMOVED'
  
D:\DOCUMENT\CoreDev Hub\C++ ALL ERROR FIX INTERNAL\Includes&Libs\Includes&Libs\DXSdk June 10\SDK\Include\dxgitype.h(26,9): warning C4005: 'DXGI_ERROR_DEVICE_HUNG': macro redefinition
  (compiling source file 'main.cpp')
      C:\Program Files (x86)\Windows Kits\10\Include\10.0.26100.0\shared\winerror.h(59396,9):
      see previous definition of 'DXGI_ERROR_DEVICE_HUNG'
  
D:\DOCUMENT\CoreDev Hub\C++ ALL ERROR FIX INTERNAL\Includes&Libs\Includes&Libs\DXSdk June 10\SDK\Include\dxgitype.h(27,9): warning C4005: 'DXGI_ERROR_DEVICE_RESET': macro redefinition
  (compiling source file 'main.cpp')
      C:\Program Files (x86)\Windows Kits\10\Include\10.0.26100.0\shared\winerror.h(59406,9):
      see previous definition of 'DXGI_ERROR_DEVICE_RESET'
  
D:\DOCUMENT\CoreDev Hub\C++ ALL ERROR FIX INTERNAL\Includes&Libs\Includes&Libs\DXSdk June 10\SDK\Include\dxgitype.h(28,9): warning C4005: 'DXGI_ERROR_WAS_STILL_DRAWING': macro redefinition
  (compiling source file 'main.cpp')
      C:\Program Files (x86)\Windows Kits\10\Include\10.0.26100.0\shared\winerror.h(59415,9):
      see previous definition of 'DXGI_ERROR_WAS_STILL_DRAWING'
  
D:\DOCUMENT\CoreDev Hub\C++ ALL ERROR FIX INTERNAL\Includes&Libs\Includes&Libs\DXSdk June 10\SDK\Include\dxgitype.h(29,9): warning C4005: 'DXGI_ERROR_FRAME_STATISTICS_DISJOINT': macro redefinition
  (compiling source file 'main.cpp')
      C:\Program Files (x86)\Windows Kits\10\Include\10.0.26100.0\shared\winerror.h(59425,9):
      see previous definition of 'DXGI_ERROR_FRAME_STATISTICS_DISJOINT'
  
D:\DOCUMENT\CoreDev Hub\C++ ALL ERROR FIX INTERNAL\Includes&Libs\Includes&Libs\DXSdk June 10\SDK\Include\dxgitype.h(30,9): warning C4005: 'DXGI_ERROR_GRAPHICS_VIDPN_SOURCE_IN_USE': macro redefinition
  (compiling source file 'main.cpp')
      C:\Program Files (x86)\Windows Kits\10\Include\10.0.26100.0\shared\winerror.h(59434,9):
      see previous definition of 'DXGI_ERROR_GRAPHICS_VIDPN_SOURCE_IN_USE'
  
D:\DOCUMENT\CoreDev Hub\C++ ALL ERROR FIX INTERNAL\Includes&Libs\Includes&Libs\DXSdk June 10\SDK\Include\dxgitype.h(31,9): warning C4005: 'DXGI_ERROR_DRIVER_INTERNAL_ERROR': macro redefinition
  (compiling source file 'main.cpp')
      C:\Program Files (x86)\Windows Kits\10\Include\10.0.26100.0\shared\winerror.h(59444,9):
      see previous definition of 'DXGI_ERROR_DRIVER_INTERNAL_ERROR'
  
D:\DOCUMENT\CoreDev Hub\C++ ALL ERROR FIX INTERNAL\Includes&Libs\Includes&Libs\DXSdk June 10\SDK\Include\dxgitype.h(32,9): warning C4005: 'DXGI_ERROR_NONEXCLUSIVE': macro redefinition
  (compiling source file 'main.cpp')
      C:\Program Files (x86)\Windows Kits\10\Include\10.0.26100.0\shared\winerror.h(59453,9):
      see previous definition of 'DXGI_ERROR_NONEXCLUSIVE'
  
D:\DOCUMENT\CoreDev Hub\C++ ALL ERROR FIX INTERNAL\Includes&Libs\Includes&Libs\DXSdk June 10\SDK\Include\dxgitype.h(33,9): warning C4005: 'DXGI_ERROR_NOT_CURRENTLY_AVAILABLE': macro redefinition
  (compiling source file 'main.cpp')
      C:\Program Files (x86)\Windows Kits\10\Include\10.0.26100.0\shared\winerror.h(59462,9):
      see previous definition of 'DXGI_ERROR_NOT_CURRENTLY_AVAILABLE'
  
D:\DOCUMENT\CoreDev Hub\C++ ALL ERROR FIX INTERNAL\Includes&Libs\Includes&Libs\DXSdk June 10\SDK\Include\dxgitype.h(34,9): warning C4005: 'DXGI_ERROR_REMOTE_CLIENT_DISCONNECTED': macro redefinition
  (compiling source file 'main.cpp')
      C:\Program Files (x86)\Windows Kits\10\Include\10.0.26100.0\shared\winerror.h(59472,9):
      see previous definition of 'DXGI_ERROR_REMOTE_CLIENT_DISCONNECTED'
  
D:\DOCUMENT\CoreDev Hub\C++ ALL ERROR FIX INTERNAL\Includes&Libs\Includes&Libs\DXSdk June 10\SDK\Include\dxgitype.h(35,9): warning C4005: 'DXGI_ERROR_REMOTE_OUTOFMEMORY': macro redefinition
  (compiling source file 'main.cpp')
      C:\Program Files (x86)\Windows Kits\10\Include\10.0.26100.0\shared\winerror.h(59481,9):
      see previous definition of 'DXGI_ERROR_REMOTE_OUTOFMEMORY'
  
D:\DOCUMENT\CoreDev Hub\C++ ALL ERROR FIX INTERNAL\Includes&Libs\Includes&Libs\DXSdk June 10\SDK\Include\d3d11.h(917,9): warning C4005: 'D3D11_ERROR_TOO_MANY_UNIQUE_STATE_OBJECTS': macro redefinition
  (compiling source file 'main.cpp')
      C:\Program Files (x86)\Windows Kits\10\Include\10.0.26100.0\shared\winerror.h(59796,9):
      see previous definition of 'D3D11_ERROR_TOO_MANY_UNIQUE_STATE_OBJECTS'
  
D:\DOCUMENT\CoreDev Hub\C++ ALL ERROR FIX INTERNAL\Includes&Libs\Includes&Libs\DXSdk June 10\SDK\Include\d3d11.h(918,9): warning C4005: 'D3D11_ERROR_FILE_NOT_FOUND': macro redefinition
  (compiling source file 'main.cpp')
      C:\Program Files (x86)\Windows Kits\10\Include\10.0.26100.0\shared\winerror.h(59805,9):
      see previous definition of 'D3D11_ERROR_FILE_NOT_FOUND'
  
D:\DOCUMENT\CoreDev Hub\C++ ALL ERROR FIX INTERNAL\Includes&Libs\Includes&Libs\DXSdk June 10\SDK\Include\d3d11.h(919,9): warning C4005: 'D3D11_ERROR_TOO_MANY_UNIQUE_VIEW_OBJECTS': macro redefinition
  (compiling source file 'main.cpp')
      C:\Program Files (x86)\Windows Kits\10\Include\10.0.26100.0\shared\winerror.h(59815,9):
      see previous definition of 'D3D11_ERROR_TOO_MANY_UNIQUE_VIEW_OBJECTS'
  
D:\DOCUMENT\CoreDev Hub\C++ ALL ERROR FIX INTERNAL\Includes&Libs\Includes&Libs\DXSdk June 10\SDK\Include\d3d11.h(920,9): warning C4005: 'D3D11_ERROR_DEFERRED_CONTEXT_MAP_WITHOUT_INITIAL_DISCARD': macro redefinition
  (compiling source file 'main.cpp')
      C:\Program Files (x86)\Windows Kits\10\Include\10.0.26100.0\shared\winerror.h(59824,9):
      see previous definition of 'D3D11_ERROR_DEFERRED_CONTEXT_MAP_WITHOUT_INITIAL_DISCARD'
  
D:\DOCUMENT\CoreDev Hub\C++ ALL ERROR FIX INTERNAL\Includes&Libs\Includes&Libs\DXSdk June 10\SDK\Include\d3d10.h(608,9): warning C4005: 'D3D10_ERROR_TOO_MANY_UNIQUE_STATE_OBJECTS': macro redefinition
  (compiling source file 'main.cpp')
      C:\Program Files (x86)\Windows Kits\10\Include\10.0.26100.0\shared\winerror.h(59772,9):
      see previous definition of 'D3D10_ERROR_TOO_MANY_UNIQUE_STATE_OBJECTS'
  
D:\DOCUMENT\CoreDev Hub\C++ ALL ERROR FIX INTERNAL\Includes&Libs\Includes&Libs\DXSdk June 10\SDK\Include\d3d10.h(609,9): warning C4005: 'D3D10_ERROR_FILE_NOT_FOUND': macro redefinition
  (compiling source file 'main.cpp')
      C:\Program Files (x86)\Windows Kits\10\Include\10.0.26100.0\shared\winerror.h(59781,9):
      see previous definition of 'D3D10_ERROR_FILE_NOT_FOUND'
  
D:\TESTING_ALL\new_web\RinoxAuth\ImGui - Prime' External\examples\example_win32_directx11\Auth\wnetwrap.h(41,25): warning C4244: 'argument': conversion from 'int' to '_Elem', possible loss of data
D:\TESTING_ALL\new_web\RinoxAuth\ImGui - Prime' External\examples\example_win32_directx11\Auth\wnetwrap.h(41,25): warning C4244:         with
D:\TESTING_ALL\new_web\RinoxAuth\ImGui - Prime' External\examples\example_win32_directx11\Auth\wnetwrap.h(41,25): warning C4244:         [
D:\TESTING_ALL\new_web\RinoxAuth\ImGui - Prime' External\examples\example_win32_directx11\Auth\wnetwrap.h(41,25): warning C4244:             _Elem=char
D:\TESTING_ALL\new_web\RinoxAuth\ImGui - Prime' External\examples\example_win32_directx11\Auth\wnetwrap.h(41,25): warning C4244:         ]
  (compiling source file 'main.cpp')
  
D:\TESTING_ALL\new_web\RinoxAuth\ImGui - Prime' External\examples\example_win32_directx11\Auth\wnetwrap.h(45,25): warning C4244: 'argument': conversion from 'int' to '_Elem', possible loss of data
D:\TESTING_ALL\new_web\RinoxAuth\ImGui - Prime' External\examples\example_win32_directx11\Auth\wnetwrap.h(45,25): warning C4244:         with
D:\TESTING_ALL\new_web\RinoxAuth\ImGui - Prime' External\examples\example_win32_directx11\Auth\wnetwrap.h(45,25): warning C4244:         [
D:\TESTING_ALL\new_web\RinoxAuth\ImGui - Prime' External\examples\example_win32_directx11\Auth\wnetwrap.h(45,25): warning C4244:             _Elem=char
D:\TESTING_ALL\new_web\RinoxAuth\ImGui - Prime' External\examples\example_win32_directx11\Auth\wnetwrap.h(45,25): warning C4244:         ]
  (compiling source file 'main.cpp')
  
D:\TESTING_ALL\new_web\RinoxAuth\ImGui - Prime' External\examples\example_win32_directx11\main.h(520,11): warning C4189: 'shadowColor': local variable is initialized but not referenced
  (compiling source file 'main.cpp')
  
D:\TESTING_ALL\new_web\RinoxAuth\ImGui - Prime' External\examples\example_win32_directx11\Mem\SmartyMem2.h(44,30): warning C4100: 'type': unreferenced parameter
  (compiling source file 'main.cpp')
  
D:\TESTING_ALL\new_web\RinoxAuth\ImGui - Prime' External\examples\example_win32_directx11\Mem\SmartyMem2.h(710,30): warning C4100: 'type': unreferenced parameter
  (compiling source file 'main.cpp')
  
D:\TESTING_ALL\new_web\RinoxAuth\ImGui - Prime' External\examples\example_win32_directx11\Mem\SmartyMem2.h(778,25): warning C4267: 'initializing': conversion from 'size_t' to 'int', possible loss of data
  (compiling source file 'main.cpp')
  
D:\TESTING_ALL\new_web\RinoxAuth\ImGui - Prime' External\examples\example_win32_directx11\Mem\SmartyMem2.h(776,111): warning C4100: 'ForceWrite': unreferenced parameter
  (compiling source file 'main.cpp')
  
D:\TESTING_ALL\new_web\RinoxAuth\ImGui - Prime' External\examples\example_win32_directx11\Mem\SmartyMem2.h(873,24): warning C4244: 'return': conversion from 'DWORD_PTR' to 'int', possible loss of data
  (compiling source file 'main.cpp')
  
D:\TESTING_ALL\new_web\RinoxAuth\ImGui - Prime' External\examples\example_win32_directx11\Mem\SmartyMem.h(121,36): warning C4100: 'procname': unreferenced parameter
  (compiling source file 'main.cpp')
  
D:\TESTING_ALL\new_web\RinoxAuth\ImGui - Prime' External\examples\example_win32_directx11\Mem\SmartyMem.h(134,25): warning C4267: 'initializing': conversion from 'size_t' to 'int', possible loss of data
  (compiling source file 'main.cpp')
  
D:\TESTING_ALL\new_web\RinoxAuth\ImGui - Prime' External\examples\example_win32_directx11\Mem\SmartyMem.h(167,25): warning C4267: 'initializing': conversion from 'size_t' to 'int', possible loss of data
  (compiling source file 'main.cpp')
  
D:\TESTING_ALL\new_web\RinoxAuth\ImGui - Prime' External\examples\example_win32_directx11\Mem\SmartyMem.h(175,19): warning C4101: 'OldProtect': unreferenced local variable
  (compiling source file 'main.cpp')
  
D:\TESTING_ALL\new_web\RinoxAuth\ImGui - Prime' External\examples\example_win32_directx11\Mem\SmartyMem.h(184,19): warning C4101: 'OldProtect': unreferenced local variable
  (compiling source file 'main.cpp')
  
D:\TESTING_ALL\new_web\RinoxAuth\ImGui - Prime' External\examples\example_win32_directx11\Mem\SmartyMem.h(274,24): warning C4244: 'return': conversion from 'DWORD_PTR' to 'int', possible loss of data
  (compiling source file 'main.cpp')
  
D:\TESTING_ALL\new_web\RinoxAuth\ImGui - Prime' External\examples\example_win32_directx11\Mem\BrutalMemory.h(593,36): warning C4100: 'procname': unreferenced parameter
  (compiling source file 'main.cpp')
  
D:\TESTING_ALL\new_web\RinoxAuth\ImGui - Prime' External\examples\example_win32_directx11\Mem\BrutalMemory.h(606,25): warning C4267: 'initializing': conversion from 'size_t' to 'int', possible loss of data
  (compiling source file 'main.cpp')
  
D:\TESTING_ALL\new_web\RinoxAuth\ImGui - Prime' External\examples\example_win32_directx11\Mem\BrutalMemory.h(639,25): warning C4267: 'initializing': conversion from 'size_t' to 'int', possible loss of data
  (compiling source file 'main.cpp')
  
D:\TESTING_ALL\new_web\RinoxAuth\ImGui - Prime' External\examples\example_win32_directx11\Mem\BrutalMemory.h(647,19): warning C4101: 'OldProtect': unreferenced local variable
  (compiling source file 'main.cpp')
  
D:\TESTING_ALL\new_web\RinoxAuth\ImGui - Prime' External\examples\example_win32_directx11\Mem\BrutalMemory.h(656,19): warning C4101: 'OldProtect': unreferenced local variable
  (compiling source file 'main.cpp')
  
D:\TESTING_ALL\new_web\RinoxAuth\ImGui - Prime' External\examples\example_win32_directx11\Mem\BrutalMemory.h(736,24): warning C4244: 'return': conversion from 'DWORD_PTR' to 'int', possible loss of data
  (compiling source file 'main.cpp')
  
D:\TESTING_ALL\new_web\RinoxAuth\ImGui - Prime' External\examples\example_win32_directx11\DiscordRPC\DiscordWebhook.h(59,97): warning C4245: 'argument': conversion from 'int' to 'DWORD', signed/unsigned mismatch
  (compiling source file 'main.cpp')
  
D:\TESTING_ALL\new_web\RinoxAuth\ImGui - Prime' External\examples\example_win32_directx11\Mem\SuperFastMemory.h(95,36): warning C4100: 'procname': unreferenced parameter
  (compiling source file 'main.cpp')
  
D:\TESTING_ALL\new_web\RinoxAuth\ImGui - Prime' External\examples\example_win32_directx11\Mem\SuperFastMemory.h(264,31): warning C4244: 'return': conversion from 'DWORD_PTR' to 'int', possible loss of data
  (compiling source file 'main.cpp')
  
D:\TESTING_ALL\new_web\RinoxAuth\ImGui - Prime' External\examples\example_win32_directx11\Mem\SuperFastMemory.h(272,25): warning C4267: 'initializing': conversion from 'size_t' to 'int', possible loss of data
  (compiling source file 'main.cpp')
  
D:\TESTING_ALL\new_web\RinoxAuth\ImGui - Prime' External\examples\example_win32_directx11\main.cpp(835,222): warning C4244: 'argument': conversion from 'float' to 'int', possible loss of data
D:\TESTING_ALL\new_web\RinoxAuth\ImGui - Prime' External\examples\example_win32_directx11\main.cpp(835,206): warning C4244: 'argument': conversion from 'float' to 'int', possible loss of data
D:\TESTING_ALL\new_web\RinoxAuth\ImGui - Prime' External\examples\example_win32_directx11\main.cpp(835,170): warning C4244: 'argument': conversion from 'float' to 'int', possible loss of data
D:\TESTING_ALL\new_web\RinoxAuth\ImGui - Prime' External\examples\example_win32_directx11\main.cpp(835,110): warning C4244: 'argument': conversion from 'float' to 'int', possible loss of data
D:\TESTING_ALL\new_web\RinoxAuth\ImGui - Prime' External\examples\example_win32_directx11\main.cpp(813,17): warning C4189: 'targetProcessName': local variable is initialized but not referenced
D:\TESTING_ALL\new_web\RinoxAuth\ImGui - Prime' External\examples\example_win32_directx11\main.cpp(1285,27): warning C4189: 'g': local variable is initialized but not referenced
D:\TESTING_ALL\new_web\RinoxAuth\ImGui - Prime' External\examples\example_win32_directx11\Auth\json.hpp(18361,26): warning C4459: declaration of 'state' hides global declaration
  (compiling source file 'main.cpp')
      D:\TESTING_ALL\new_web\RinoxAuth\ImGui - Prime' External\examples\example_win32_directx11\Notifications.h(23,33):
      see declaration of 'state'
      D:\TESTING_ALL\new_web\RinoxAuth\ImGui - Prime' External\examples\example_win32_directx11\Auth\json.hpp(18361,26):
      the template instantiation context (the oldest one first) is
          D:\TESTING_ALL\new_web\RinoxAuth\ImGui - Prime' External\examples\example_win32_directx11\Auth\json.hpp(24405,35):
          see reference to class template instantiation 'nlohmann::json_abi_v3_11_2::basic_json<std::map,std::vector,std::string,bool,int64_t,uint64_t,double,std::allocator,nlohmann::json_abi_v3_11_2::adl_serializer,std::vector<unsigned char,std::allocator<unsigned char>>,void>' being compiled
          D:\TESTING_ALL\new_web\RinoxAuth\ImGui - Prime' External\examples\example_win32_directx11\Auth\json.hpp(23236,26):
          while compiling friend function 'std::ostream &nlohmann::json_abi_v3_11_2::operator <<(std::ostream &,const nlohmann::json_abi_v3_11_2::basic_json<std::map,std::vector,std::string,bool,int64_t,uint64_t,double,std::allocator,nlohmann::json_abi_v3_11_2::adl_serializer,std::vector<unsigned char,std::allocator<unsigned char>>,void> &)'
              D:\TESTING_ALL\new_web\RinoxAuth\ImGui - Prime' External\examples\example_win32_directx11\Auth\utils.hpp(41,11):
              see the first reference to 'nlohmann::json_abi_v3_11_2::operator <<' in 'WriteToJson'
          D:\TESTING_ALL\new_web\RinoxAuth\ImGui - Prime' External\examples\example_win32_directx11\Auth\json.hpp(23246,20):
          see reference to class template instantiation 'nlohmann::json_abi_v3_11_2::detail::serializer<nlohmann::json_abi_v3_11_2::basic_json<std::map,std::vector,std::string,bool,int64_t,uint64_t,double,std::allocator,nlohmann::json_abi_v3_11_2::adl_serializer,std::vector<unsigned char,std::allocator<unsigned char>>,void>>' being compiled
          D:\TESTING_ALL\new_web\RinoxAuth\ImGui - Prime' External\examples\example_win32_directx11\Auth\json.hpp(18358,14):
          while compiling class template member function 'void nlohmann::json_abi_v3_11_2::detail::serializer<nlohmann::json_abi_v3_11_2::basic_json<std::map,std::vector,std::string,bool,int64_t,uint64_t,double,std::allocator,nlohmann::json_abi_v3_11_2::adl_serializer,std::vector<unsigned char,std::allocator<unsigned char>>,void>>::dump_escaped(const std::basic_string<char,std::char_traits<char>,std::allocator<char>> &,const bool)'
              D:\TESTING_ALL\new_web\RinoxAuth\ImGui - Prime' External\examples\example_win32_directx11\Auth\json.hpp(18107,37):
              see the first reference to 'nlohmann::json_abi_v3_11_2::detail::serializer<nlohmann::json_abi_v3_11_2::basic_json<std::map,std::vector,std::string,bool,int64_t,uint64_t,double,std::allocator,nlohmann::json_abi_v3_11_2::adl_serializer,std::vector<unsigned char,std::allocator<unsigned char>>,void>>::dump_escaped' in 'nlohmann::json_abi_v3_11_2::detail::serializer<nlohmann::json_abi_v3_11_2::basic_json<std::map,std::vector,std::string,bool,int64_t,uint64_t,double,std::allocator,nlohmann::json_abi_v3_11_2::adl_serializer,std::vector<unsigned char,std::allocator<unsigned char>>,void>>::dump'
              D:\TESTING_ALL\new_web\RinoxAuth\ImGui - Prime' External\examples\example_win32_directx11\Auth\json.hpp(23247,15):
              see the first reference to 'nlohmann::json_abi_v3_11_2::detail::serializer<nlohmann::json_abi_v3_11_2::basic_json<std::map,std::vector,std::string,bool,int64_t,uint64_t,double,std::allocator,nlohmann::json_abi_v3_11_2::adl_serializer,std::vector<unsigned char,std::allocator<unsigned char>>,void>>::dump' in 'nlohmann::json_abi_v3_11_2::operator <<'
              D:\TESTING_ALL\new_web\RinoxAuth\ImGui - Prime' External\examples\example_win32_directx11\Auth\utils.hpp(41,11):
              see the first reference to 'nlohmann::json_abi_v3_11_2::operator <<' in 'WriteToJson'
  
D:\TESTING_ALL\new_web\RinoxAuth\ImGui - Prime' External\examples\example_win32_directx11\Auth\json.hpp(18867,50): warning C4459: declaration of 'state' hides global declaration
  (compiling source file 'main.cpp')
      D:\TESTING_ALL\new_web\RinoxAuth\ImGui - Prime' External\examples\example_win32_directx11\Notifications.h(23,33):
      see declaration of 'state'
      D:\TESTING_ALL\new_web\RinoxAuth\ImGui - Prime' External\examples\example_win32_directx11\Auth\json.hpp(18867,50):
      the template instantiation context (the oldest one first) is
          D:\TESTING_ALL\new_web\RinoxAuth\ImGui - Prime' External\examples\example_win32_directx11\Auth\json.hpp(18867,29):
          while compiling class template member function 'uint8_t nlohmann::json_abi_v3_11_2::detail::serializer<nlohmann::json_abi_v3_11_2::basic_json<std::map,std::vector,std::string,bool,int64_t,uint64_t,double,std::allocator,nlohmann::json_abi_v3_11_2::adl_serializer,std::vector<unsigned char,std::allocator<unsigned char>>,void>>::decode(uint8_t &,uint32_t &,const uint8_t) noexcept'
              D:\TESTING_ALL\new_web\RinoxAuth\ImGui - Prime' External\examples\example_win32_directx11\Auth\json.hpp(18372,17):
              see the first reference to 'nlohmann::json_abi_v3_11_2::detail::serializer<nlohmann::json_abi_v3_11_2::basic_json<std::map,std::vector,std::string,bool,int64_t,uint64_t,double,std::allocator,nlohmann::json_abi_v3_11_2::adl_serializer,std::vector<unsigned char,std::allocator<unsigned char>>,void>>::decode' in 'nlohmann::json_abi_v3_11_2::detail::serializer<nlohmann::json_abi_v3_11_2::basic_json<std::map,std::vector,std::string,bool,int64_t,uint64_t,double,std::allocator,nlohmann::json_abi_v3_11_2::adl_serializer,std::vector<unsigned char,std::allocator<unsigned char>>,void>>::dump_escaped'
              D:\TESTING_ALL\new_web\RinoxAuth\ImGui - Prime' External\examples\example_win32_directx11\Auth\json.hpp(18107,37):
              see the first reference to 'nlohmann::json_abi_v3_11_2::detail::serializer<nlohmann::json_abi_v3_11_2::basic_json<std::map,std::vector,std::string,bool,int64_t,uint64_t,double,std::allocator,nlohmann::json_abi_v3_11_2::adl_serializer,std::vector<unsigned char,std::allocator<unsigned char>>,void>>::dump_escaped' in 'nlohmann::json_abi_v3_11_2::detail::serializer<nlohmann::json_abi_v3_11_2::basic_json<std::map,std::vector,std::string,bool,int64_t,uint64_t,double,std::allocator,nlohmann::json_abi_v3_11_2::adl_serializer,std::vector<unsigned char,std::allocator<unsigned char>>,void>>::dump'
              D:\TESTING_ALL\new_web\RinoxAuth\ImGui - Prime' External\examples\example_win32_directx11\Auth\json.hpp(23247,15):
              see the first reference to 'nlohmann::json_abi_v3_11_2::detail::serializer<nlohmann::json_abi_v3_11_2::basic_json<std::map,std::vector,std::string,bool,int64_t,uint64_t,double,std::allocator,nlohmann::json_abi_v3_11_2::adl_serializer,std::vector<unsigned char,std::allocator<unsigned char>>,void>>::dump' in 'nlohmann::json_abi_v3_11_2::operator <<'
              D:\TESTING_ALL\new_web\RinoxAuth\ImGui - Prime' External\examples\example_win32_directx11\Auth\utils.hpp(41,11):
              see the first reference to 'nlohmann::json_abi_v3_11_2::operator <<' in 'WriteToJson'
  
  AuthSys.cpp
D:\TESTING_ALL\new_web\RinoxAuth\ImGui - Prime' External\examples\example_win32_directx11\Auth\wnetwrap.h(41,25): warning C4244: 'argument': conversion from 'int' to '_Elem', possible loss of data
D:\TESTING_ALL\new_web\RinoxAuth\ImGui - Prime' External\examples\example_win32_directx11\Auth\wnetwrap.h(41,25): warning C4244:         with
D:\TESTING_ALL\new_web\RinoxAuth\ImGui - Prime' External\examples\example_win32_directx11\Auth\wnetwrap.h(41,25): warning C4244:         [
D:\TESTING_ALL\new_web\RinoxAuth\ImGui - Prime' External\examples\example_win32_directx11\Auth\wnetwrap.h(41,25): warning C4244:             _Elem=char
D:\TESTING_ALL\new_web\RinoxAuth\ImGui - Prime' External\examples\example_win32_directx11\Auth\wnetwrap.h(41,25): warning C4244:         ]
  (compiling source file 'Auth/AuthSys.cpp')
  
D:\TESTING_ALL\new_web\RinoxAuth\ImGui - Prime' External\examples\example_win32_directx11\Auth\wnetwrap.h(45,25): warning C4244: 'argument': conversion from 'int' to '_Elem', possible loss of data
D:\TESTING_ALL\new_web\RinoxAuth\ImGui - Prime' External\examples\example_win32_directx11\Auth\wnetwrap.h(45,25): warning C4244:         with
D:\TESTING_ALL\new_web\RinoxAuth\ImGui - Prime' External\examples\example_win32_directx11\Auth\wnetwrap.h(45,25): warning C4244:         [
D:\TESTING_ALL\new_web\RinoxAuth\ImGui - Prime' External\examples\example_win32_directx11\Auth\wnetwrap.h(45,25): warning C4244:             _Elem=char
D:\TESTING_ALL\new_web\RinoxAuth\ImGui - Prime' External\examples\example_win32_directx11\Auth\wnetwrap.h(45,25): warning C4244:         ]
  (compiling source file 'Auth/AuthSys.cpp')
  
  PopupDialog.cpp
D:\TESTING_ALL\new_web\RinoxAuth\ImGui - Prime' External\examples\example_win32_directx11\Xyz\PopupDialog.cpp(53,46): warning C4244: 'argument': conversion from 'double' to 'float', possible loss of data
D:\TESTING_ALL\new_web\RinoxAuth\ImGui - Prime' External\examples\example_win32_directx11\Xyz\PopupDialog.cpp(213,46): warning C4244: 'argument': conversion from 'double' to 'float', possible loss of data
  PCOptimizer.cpp
  snow.cpp
D:\TESTING_ALL\new_web\RinoxAuth\ImGui - Prime' External\examples\example_win32_directx11\snow.cpp(24,13): warning C4244: 'initializing': conversion from 'double' to 'float', possible loss of data
D:\TESTING_ALL\new_web\RinoxAuth\ImGui - Prime' External\examples\example_win32_directx11\snow.cpp(37,45): warning C4244: 'argument': conversion from 'int' to 'float', possible loss of data
D:\TESTING_ALL\new_web\RinoxAuth\ImGui - Prime' External\examples\example_win32_directx11\snow.cpp(37,28): warning C4244: 'argument': conversion from 'int' to 'float', possible loss of data
D:\TESTING_ALL\new_web\RinoxAuth\ImGui - Prime' External\examples\example_win32_directx11\snow.cpp(70,45): warning C4244: 'argument': conversion from 'int' to 'float', possible loss of data
D:\TESTING_ALL\new_web\RinoxAuth\ImGui - Prime' External\examples\example_win32_directx11\snow.cpp(70,28): warning C4244: 'argument': conversion from 'int' to 'float', possible loss of data
D:\TESTING_ALL\new_web\RinoxAuth\ImGui - Prime' External\examples\example_win32_directx11\snow.cpp(109,57): warning C4244: 'argument': conversion from 'int' to 'float', possible loss of data
  PCCleaner.cpp
  VirusScanner.cpp
LINK : warning LNK4098: defaultlib 'LIBCMT' conflicts with use of other libs; use /NODEFAULTLIB:library
  Generating code
D:\TESTING_ALL\new_web\RinoxAuth\ImGui - Prime' External\examples\example_win32_directx11\Mem\BrutalMemory.h(108): warning C4715: 'BrutalMemory::GetEmulatorRunning': not all control paths return a value
D:\TESTING_ALL\new_web\RinoxAuth\ImGui - Prime' External\examples\example_win32_directx11\main.h(648): warning C4715: 'GetEmulatorRunning': not all control paths return a value
D:\TESTING_ALL\new_web\RinoxAuth\ImGui - Prime' External\examples\example_win32_directx11\Mem\SmartyMem.h(90): warning C4715: 'Memory::GetEmulatorRunning': not all control paths return a value
  7681 of 7728 functions (99.4%) were compiled, the rest were copied from previous compilation.
    306 functions were new in current compilation
    5 functions had inline decision re-evaluated but remain unchanged
  Finished generating code
freetype.lib(ftinit.obj) : warning LNK4099: PDB 'freetype.pdb' was not found with 'freetype.lib(ftinit.obj)' or at 'D:\TESTING_ALL\new_web\RinoxAuth\ImGui - Prime' External\examples\example_win32_directx11\Release\freetype.pdb'; linking object as if no debug info
freetype.lib(ftbase.obj) : warning LNK4099: PDB 'freetype.pdb' was not found with 'freetype.lib(ftbase.obj)' or at 'D:\TESTING_ALL\new_web\RinoxAuth\ImGui - Prime' External\examples\example_win32_directx11\Release\freetype.pdb'; linking object as if no debug info
freetype.lib(ftsynth.obj) : warning LNK4099: PDB 'freetype.pdb' was not found with 'freetype.lib(ftsynth.obj)' or at 'D:\TESTING_ALL\new_web\RinoxAuth\ImGui - Prime' External\examples\example_win32_directx11\Release\freetype.pdb'; linking object as if no debug info
freetype.lib(autofit.obj) : warning LNK4099: PDB 'freetype.pdb' was not found with 'freetype.lib(autofit.obj)' or at 'D:\TESTING_ALL\new_web\RinoxAuth\ImGui - Prime' External\examples\example_win32_directx11\Release\freetype.pdb'; linking object as if no debug info
freetype.lib(truetype.obj) : warning LNK4099: PDB 'freetype.pdb' was not found with 'freetype.lib(truetype.obj)' or at 'D:\TESTING_ALL\new_web\RinoxAuth\ImGui - Prime' External\examples\example_win32_directx11\Release\freetype.pdb'; linking object as if no debug info
freetype.lib(type1.obj) : warning LNK4099: PDB 'freetype.pdb' was not found with 'freetype.lib(type1.obj)' or at 'D:\TESTING_ALL\new_web\RinoxAuth\ImGui - Prime' External\examples\example_win32_directx11\Release\freetype.pdb'; linking object as if no debug info
freetype.lib(cff.obj) : warning LNK4099: PDB 'freetype.pdb' was not found with 'freetype.lib(cff.obj)' or at 'D:\TESTING_ALL\new_web\RinoxAuth\ImGui - Prime' External\examples\example_win32_directx11\Release\freetype.pdb'; linking object as if no debug info
freetype.lib(type1cid.obj) : warning LNK4099: PDB 'freetype.pdb' was not found with 'freetype.lib(type1cid.obj)' or at 'D:\TESTING_ALL\new_web\RinoxAuth\ImGui - Prime' External\examples\example_win32_directx11\Release\freetype.pdb'; linking object as if no debug info
freetype.lib(pfr.obj) : warning LNK4099: PDB 'freetype.pdb' was not found with 'freetype.lib(pfr.obj)' or at 'D:\TESTING_ALL\new_web\RinoxAuth\ImGui - Prime' External\examples\example_win32_directx11\Release\freetype.pdb'; linking object as if no debug info
freetype.lib(type42.obj) : warning LNK4099: PDB 'freetype.pdb' was not found with 'freetype.lib(type42.obj)' or at 'D:\TESTING_ALL\new_web\RinoxAuth\ImGui - Prime' External\examples\example_win32_directx11\Release\freetype.pdb'; linking object as if no debug info
freetype.lib(winfnt.obj) : warning LNK4099: PDB 'freetype.pdb' was not found with 'freetype.lib(winfnt.obj)' or at 'D:\TESTING_ALL\new_web\RinoxAuth\ImGui - Prime' External\examples\example_win32_directx11\Release\freetype.pdb'; linking object as if no debug info
freetype.lib(pcf.obj) : warning LNK4099: PDB 'freetype.pdb' was not found with 'freetype.lib(pcf.obj)' or at 'D:\TESTING_ALL\new_web\RinoxAuth\ImGui - Prime' External\examples\example_win32_directx11\Release\freetype.pdb'; linking object as if no debug info
freetype.lib(bdf.obj) : warning LNK4099: PDB 'freetype.pdb' was not found with 'freetype.lib(bdf.obj)' or at 'D:\TESTING_ALL\new_web\RinoxAuth\ImGui - Prime' External\examples\example_win32_directx11\Release\freetype.pdb'; linking object as if no debug info
freetype.lib(psaux.obj) : warning LNK4099: PDB 'freetype.pdb' was not found with 'freetype.lib(psaux.obj)' or at 'D:\TESTING_ALL\new_web\RinoxAuth\ImGui - Prime' External\examples\example_win32_directx11\Release\freetype.pdb'; linking object as if no debug info
freetype.lib(psmodule.obj) : warning LNK4099: PDB 'freetype.pdb' was not found with 'freetype.lib(psmodule.obj)' or at 'D:\TESTING_ALL\new_web\RinoxAuth\ImGui - Prime' External\examples\example_win32_directx11\Release\freetype.pdb'; linking object as if no debug info
freetype.lib(pshinter.obj) : warning LNK4099: PDB 'freetype.pdb' was not found with 'freetype.lib(pshinter.obj)' or at 'D:\TESTING_ALL\new_web\RinoxAuth\ImGui - Prime' External\examples\example_win32_directx11\Release\freetype.pdb'; linking object as if no debug info
freetype.lib(sfnt.obj) : warning LNK4099: PDB 'freetype.pdb' was not found with 'freetype.lib(sfnt.obj)' or at 'D:\TESTING_ALL\new_web\RinoxAuth\ImGui - Prime' External\examples\example_win32_directx11\Release\freetype.pdb'; linking object as if no debug info
freetype.lib(smooth.obj) : warning LNK4099: PDB 'freetype.pdb' was not found with 'freetype.lib(smooth.obj)' or at 'D:\TESTING_ALL\new_web\RinoxAuth\ImGui - Prime' External\examples\example_win32_directx11\Release\freetype.pdb'; linking object as if no debug info
freetype.lib(raster.obj) : warning LNK4099: PDB 'freetype.pdb' was not found with 'freetype.lib(raster.obj)' or at 'D:\TESTING_ALL\new_web\RinoxAuth\ImGui - Prime' External\examples\example_win32_directx11\Release\freetype.pdb'; linking object as if no debug info
freetype.lib(sdf.obj) : warning LNK4099: PDB 'freetype.pdb' was not found with 'freetype.lib(sdf.obj)' or at 'D:\TESTING_ALL\new_web\RinoxAuth\ImGui - Prime' External\examples\example_win32_directx11\Release\freetype.pdb'; linking object as if no debug info
freetype.lib(svg.obj) : warning LNK4099: PDB 'freetype.pdb' was not found with 'freetype.lib(svg.obj)' or at 'D:\TESTING_ALL\new_web\RinoxAuth\ImGui - Prime' External\examples\example_win32_directx11\Release\freetype.pdb'; linking object as if no debug info
freetype.lib(ftsystem.obj) : warning LNK4099: PDB 'freetype.pdb' was not found with 'freetype.lib(ftsystem.obj)' or at 'D:\TESTING_ALL\new_web\RinoxAuth\ImGui - Prime' External\examples\example_win32_directx11\Release\freetype.pdb'; linking object as if no debug info
freetype.lib(ftbitmap.obj) : warning LNK4099: PDB 'freetype.pdb' was not found with 'freetype.lib(ftbitmap.obj)' or at 'D:\TESTING_ALL\new_web\RinoxAuth\ImGui - Prime' External\examples\example_win32_directx11\Release\freetype.pdb'; linking object as if no debug info
freetype.lib(ftgzip.obj) : warning LNK4099: PDB 'freetype.pdb' was not found with 'freetype.lib(ftgzip.obj)' or at 'D:\TESTING_ALL\new_web\RinoxAuth\ImGui - Prime' External\examples\example_win32_directx11\Release\freetype.pdb'; linking object as if no debug info
freetype.lib(ftlzw.obj) : warning LNK4099: PDB 'freetype.pdb' was not found with 'freetype.lib(ftlzw.obj)' or at 'D:\TESTING_ALL\new_web\RinoxAuth\ImGui - Prime' External\examples\example_win32_directx11\Release\freetype.pdb'; linking object as if no debug info
freetype.lib(ftdebug.obj) : warning LNK4099: PDB 'freetype.pdb' was not found with 'freetype.lib(ftdebug.obj)' or at 'D:\TESTING_ALL\new_web\RinoxAuth\ImGui - Prime' External\examples\example_win32_directx11\Release\freetype.pdb'; linking object as if no debug info
  example_win32_directx11.vcxproj -> D:\TESTING_ALL\new_web\RinoxAuth\ImGui - Prime' External\examples\example_win32_directx11\Release\Nyzro Cipher.exe
