d:\document\other working pj\imgui - prime' external\examples\example_win32_directx11\release\vc143.pdb
d:\document\other working pj\imgui - prime' external\examples\example_win32_directx11\release\imgui_edited.obj
d:\document\other working pj\imgui - prime' external\examples\example_win32_directx11\release\fakelagmonitor.obj
d:\document\other working pj\imgui - prime' external\examples\example_win32_directx11\release\fakelag.obj
d:\document\other working pj\imgui - prime' external\examples\example_win32_directx11\release\dynamicselector.obj
d:\document\other working pj\imgui - prime' external\examples\example_win32_directx11\release\serialization.obj
d:\document\other working pj\imgui - prime' external\examples\example_win32_directx11\release\rpc_connection.obj
d:\document\other working pj\imgui - prime' external\examples\example_win32_directx11\release\dllmain.obj
d:\document\other working pj\imgui - prime' external\examples\example_win32_directx11\release\discord_rpc.obj
d:\document\other working pj\imgui - prime' external\examples\example_win32_directx11\release\discord_register_win.obj
d:\document\other working pj\imgui - prime' external\examples\example_win32_directx11\release\connection_win.obj
d:\document\other working pj\imgui - prime' external\examples\example_win32_directx11\release\discord.obj
d:\document\other working pj\imgui - prime' external\examples\example_win32_directx11\release\wnetwrap.obj
d:\document\other working pj\imgui - prime' external\examples\example_win32_directx11\release\imgui_impl_win32.obj
d:\document\other working pj\imgui - prime' external\examples\example_win32_directx11\release\imgui_impl_dx11.obj
d:\document\other working pj\imgui - prime' external\examples\example_win32_directx11\release\imgui_widgets.obj
d:\document\other working pj\imgui - prime' external\examples\example_win32_directx11\release\imgui_tables.obj
d:\document\other working pj\imgui - prime' external\examples\example_win32_directx11\release\imgui_freetype.obj
d:\document\other working pj\imgui - prime' external\examples\example_win32_directx11\release\imgui_draw.obj
d:\document\other working pj\imgui - prime' external\examples\example_win32_directx11\release\imgui.obj
d:\document\other working pj\imgui - prime' external\examples\example_win32_directx11\release\pccleaner.obj
d:\document\other working pj\imgui - prime' external\examples\example_win32_directx11\release\snow.obj
d:\document\other working pj\imgui - prime' external\examples\example_win32_directx11\release\pcoptimizer.obj
d:\document\other working pj\imgui - prime' external\examples\example_win32_directx11\release\popupdialog.obj
d:\document\other working pj\imgui - prime' external\examples\example_win32_directx11\release\main.obj
d:\document\other working pj\imgui - prime' external\examples\example_win32_directx11\release\virusscanner.obj
d:\document\other working pj\imgui - prime' external\examples\example_win32_directx11\release\circularloader.obj
d:\document\other working pj\imgui - prime' external\examples\example_win32_directx11\release\d3dcompiler_43.dll
d:\document\other working pj\imgui - prime' external\examples\example_win32_directx11\release\d3dx9_43.dll
d:\document\other working pj\imgui - prime' external\examples\example_win32_directx11\release\d3dx10_43.dll
d:\document\other working pj\imgui - prime' external\examples\example_win32_directx11\release\d3dx11_43.dll
d:\document\other working pj\imgui - prime' external\examples\example_win32_directx11\release\rinox x!ter.exe
d:\document\other working pj\imgui - prime' external\examples\example_win32_directx11\release\rinox x!ter.pdb
d:\document\other working pj\imgui - prime' external\examples\example_win32_directx11\release\rinox x!ter.ipdb
d:\document\other working pj\imgui - prime' external\examples\example_win32_directx11\release\rinox x!ter.iobj
d:\document\other working pj\imgui - prime' external\examples\example_win32_directx11\release\example_win32_directx11.vcxproj.filelistabsolute.txt
d:\document\other working pj\imgui - prime' external\examples\example_win32_directx11\release\example_.9f316e83.tlog\cl.command.1.tlog
d:\document\other working pj\imgui - prime' external\examples\example_win32_directx11\release\example_.9f316e83.tlog\cl.items.tlog
d:\document\other working pj\imgui - prime' external\examples\example_win32_directx11\release\example_.9f316e83.tlog\cl.read.1.tlog
d:\document\other working pj\imgui - prime' external\examples\example_win32_directx11\release\example_.9f316e83.tlog\cl.write.1.tlog
d:\document\other working pj\imgui - prime' external\examples\example_win32_directx11\release\example_.9f316e83.tlog\copylocal.read.1u.tlog
d:\document\other working pj\imgui - prime' external\examples\example_win32_directx11\release\example_.9f316e83.tlog\copylocal.write.1u.tlog
d:\document\other working pj\imgui - prime' external\examples\example_win32_directx11\release\example_.9f316e83.tlog\link.command.1.tlog
d:\document\other working pj\imgui - prime' external\examples\example_win32_directx11\release\example_.9f316e83.tlog\link.read.1.tlog
d:\document\other working pj\imgui - prime' external\examples\example_win32_directx11\release\example_.9f316e83.tlog\link.secondary.1.tlog
d:\document\other working pj\imgui - prime' external\examples\example_win32_directx11\release\example_.9f316e83.tlog\link.write.1.tlog
